[mirror.corenoc.de/digitalrivercontent.net/index.html]
[backblue.gif]
[fade.gif]
[index.html]
[pagead2.googlesyndication.com/pagead/f.txt]
[mirror.corenoc.de/digitalrivercontent.net/de_windows_7_starter_with_sp1_x86_dvd_u_678545.iso.torrent]
[mirror.corenoc.de/digitalrivercontent.net/de_windows_7_starter_n_with_sp1_x86_dvd_u_678311.iso.torrent]
[mirror.corenoc.de/digitalrivercontent.net/de_windows_7_home_premium_with_sp1_x64_dvd_u_676536.iso.torrent]
[mirror.corenoc.de/digitalrivercontent.net/de_windows_7_home_basic_with_sp1_x86_dvd_u_676467.iso.torrent]
[mirror.corenoc.de/digitalrivercontent.net/de_windows_7_home_premium_with_sp1_x86_dvd_u_676687.iso.torrent]
[mirror.corenoc.de/digitalrivercontent.net/X15-65812.iso.torrent]
[mirror.corenoc.de/digitalrivercontent.net/de_windows_7_professional_x86_dvd_x15-65812.iso.torrent]
[mirror.corenoc.de/digitalrivercontent.net/X15-65813.iso.torrent]
[mirror.corenoc.de/digitalrivercontent.net/de_windows_7_professional_x64_dvd_X15-65813.iso.torrent]
[mirror.corenoc.de/digitalrivercontent.net/X17-24288.iso.torrent]
[mirror.corenoc.de/digitalrivercontent.net/de_windows_7_professional_with_sp1_x86_dvd_622620.iso.torrent]
[mirror.corenoc.de/digitalrivercontent.net/X17-24289.iso.torrent]
[mirror.corenoc.de/digitalrivercontent.net/de_windows_7_professional_with_sp1_x64_dvd_622846.iso.torrent]
[mirror.corenoc.de/digitalrivercontent.net/X17-59885.iso.torrent]
[mirror.corenoc.de/digitalrivercontent.net/de_windows_7_professional_with_sp1_x64_dvd_u_676919.iso.torrent]
[mirror.corenoc.de/digitalrivercontent.net/X17-59886.iso.torrent]
[mirror.corenoc.de/digitalrivercontent.net/de_windows_7_professional_with_sp1_x86_dvd_u_677093.iso.torrent]
[mirror.corenoc.de/digitalrivercontent.net/X17-59323.iso.torrent]
[mirror.corenoc.de/digitalrivercontent.net/X17-59327.iso.torrent]
[mirror.corenoc.de/digitalrivercontent.net/de_windows_7_professional_n_with_sp1_x86_dvd_u_677308.iso.torrent]
[mirror.corenoc.de/digitalrivercontent.net/de_windows_7_professional_n_with_sp1_x64_dvd_u_677183.iso.torrent]
[mirror.corenoc.de/digitalrivercontent.net/de_windows_7_ultimate_with_sp1_x64_dvd_u_677306.iso.torrent]
[mirror.corenoc.de/digitalrivercontent.net/de_windows_7_ultimate_with_sp1_x64_dvd_618254.iso.torrent]
[mirror.corenoc.de/digitalrivercontent.net/de_windows_7_ultimate_with_sp1_x86_dvd_u_677456.iso.torrent]
[mirror.corenoc.de/digitalrivercontent.net/de_windows_7_ultimate_n_with_sp1_x64_dvd_u_677540.iso.torrent]
[mirror.corenoc.de/digitalrivercontent.net/en_windows_7_starter_with_sp1_x86_dvd_u_678562.iso.torrent]
[mirror.corenoc.de/digitalrivercontent.net/en_windows_7_home_basic_with_sp1_x86_dvd_u_676470.iso.torrent]
[mirror.corenoc.de/digitalrivercontent.net/de_windows_7_ultimate_n_with_sp1_x86_dvd_u_677595.iso.torrent]
[mirror.corenoc.de/digitalrivercontent.net/en_windows_7_home_premium_with_sp1_x64_dvd_620851.iso.torrent]
[mirror.corenoc.de/digitalrivercontent.net/en_windows_7_home_premium_with_sp1_x86_dvd_620895.iso.torrent]
[mirror.corenoc.de/digitalrivercontent.net/en_windows_7_home_premium_with_sp1_x86_dvd_u_676701.iso.torrent]
[mirror.corenoc.de/digitalrivercontent.net/en_windows_7_home_premium_with_sp1_x64_dvd_u_676549.iso.torrent]
[mirror.corenoc.de/digitalrivercontent.net/X17-58996.iso.torrent]
[mirror.corenoc.de/digitalrivercontent.net/en_windows_7_professional_x86_dvd_x15-65804.iso.torrent]
[mirror.corenoc.de/digitalrivercontent.net/X17-58997.iso.torrent]
[mirror.corenoc.de/digitalrivercontent.net/X15-65804.iso.torrent]
[mirror.corenoc.de/digitalrivercontent.net/en_windows_7_professional_x64_dvd_x15-65805.iso.torrent]
[mirror.corenoc.de/digitalrivercontent.net/en_windows_7_professional_with_sp1_x64_dvd_621750.iso.torrent]
[mirror.corenoc.de/digitalrivercontent.net/X15-65805.iso.torrent]
[mirror.corenoc.de/digitalrivercontent.net/en_windows_7_professional_with_sp1_x86_dvd_u_677056.iso.torrent]
[mirror.corenoc.de/digitalrivercontent.net/X17-24281.iso.torrent]
[mirror.corenoc.de/digitalrivercontent.net/en_windows_7_professional_with_sp1_x64_dvd_u_676939.iso.torrent]
[mirror.corenoc.de/digitalrivercontent.net/X17-59183.iso.torrent]
[mirror.corenoc.de/digitalrivercontent.net/X17-24394.iso.torrent]
[mirror.corenoc.de/digitalrivercontent.net/X17-59186.iso.torrent]
[mirror.corenoc.de/digitalrivercontent.net/en_windows_7_ultimate_with_sp1_x86_dvd_619077.iso.torrent]
[mirror.corenoc.de/digitalrivercontent.net/X17-59463.iso.torrent]
[mirror.corenoc.de/digitalrivercontent.net/en_windows_7_ultimate_n_x64_dvd_x16-13641.iso.torrent]
[mirror.corenoc.de/digitalrivercontent.net/en_windows_7_ultimate_with_sp1_x86_dvd_u_677460.iso.torrent]
[mirror.corenoc.de/digitalrivercontent.net/X17-59465.iso.torrent]
[mirror.corenoc.de/digitalrivercontent.net/en_windows_7_ultimate_with_sp1_x64_dvd_u_677332.iso.torrent]
[mirror.corenoc.de/digitalrivercontent.net/en_windows_7_ultimate_n_with_sp1_x86_dvd_620065.iso.torrent]
[mirror.corenoc.de/digitalrivercontent.net/en_windows_7_ultimate_n_with_sp1_x64_dvd_u_677543.iso.torrent]
[mirror.corenoc.de/digitalrivercontent.net/en_windows_7_enterprise_n_with_sp1_x86_dvd_620372.iso.torrent]
[mirror.corenoc.de/digitalrivercontent.net/en_windows_7_enterprise_n_with_sp1_x64_dvd_620165.iso.torrent]
[mirror.corenoc.de/digitalrivercontent.net/en_windows_7_enterprise_with_sp1_x86_dvd_u_677710.iso.torrent]
[mirror.corenoc.de/digitalrivercontent.net/nl_windows_7_starter_n_with_sp1_x86_dvd_u_678606.iso.torrent]
[mirror.corenoc.de/digitalrivercontent.net/en_windows_7_enterprise_with_sp1_x64_dvd_u_677651.iso.torrent]
[mirror.corenoc.de/digitalrivercontent.net/nl_windows_7_professional_with_sp1_x64_dvd_u_676937.iso.torrent]
[mirror.corenoc.de/digitalrivercontent.net/X17-59236.iso.torrent]
[mirror.corenoc.de/digitalrivercontent.net/nl_windows_7_ultimate_with_sp1_x64_dvd_u_677325.iso.torrent]
[mirror.corenoc.de/digitalrivercontent.net/X17-59194.iso.torrent]
[mirror.corenoc.de/digitalrivercontent.net/fi_windows_7_professional_with_sp1_x64_dvd_u_676958.iso.torrent]
[mirror.corenoc.de/digitalrivercontent.net/X17-59192.iso.torrent]
[mirror.corenoc.de/digitalrivercontent.net/fi_windows_7_professional_with_sp1_x86_dvd_u_677085.iso.torrent]
[mirror.corenoc.de/digitalrivercontent.net/fi_windows_7_ultimate_with_sp1_x64_dvd_u_677378.iso.torrent]
[mirror.corenoc.de/digitalrivercontent.net/X17-58866.iso.torrent]
[mirror.corenoc.de/digitalrivercontent.net/es_windows_7_professional_with_sp1_x86_dvd_u_677069.iso.torrent]
[mirror.corenoc.de/digitalrivercontent.net/X17-58877.iso.torrent]
[mirror.corenoc.de/digitalrivercontent.net/es_windows_7_ultimate_with_sp1_x86_dvd_u_677462.iso.torrent]
[mirror.corenoc.de/digitalrivercontent.net/X17-59009.iso.torrent]
[mirror.corenoc.de/digitalrivercontent.net/fr_windows_7_home_premium_with_sp1_x64_dvd_u_676521.iso.torrent]
[mirror.corenoc.de/digitalrivercontent.net/X17-59197.iso.torrent]
[mirror.corenoc.de/digitalrivercontent.net/X17-59195.iso.torrent]
[mirror.corenoc.de/digitalrivercontent.net/fr_windows_7_professional_with_sp1_x64_dvd_u_678724.iso.torrent]
[mirror.corenoc.de/digitalrivercontent.net/fr_windows_7_professional_with_sp1_x86_dvd_u_677092.iso.torrent]
[mirror.corenoc.de/digitalrivercontent.net/fr_windows_7_ultimate_with_sp1_x86_dvd_u_677434.iso.torrent]
[mirror.corenoc.de/digitalrivercontent.net/fr_windows_7_ultimate_with_sp1_x64_dvd_u_677299.iso.torrent]
[mirror.corenoc.de/digitalrivercontent.net/X17-59215.iso.torrent]
[mirror.corenoc.de/digitalrivercontent.net/it_windows_7_professional_with_sp1_x64_dvd_u_676945.iso.torrent]
[mirror.corenoc.de/digitalrivercontent.net/pt_windows_7_ultimate_with_sp1_x86_dvd_u_677457.iso.torrent]
[mirror.corenoc.de/digitalrivercontent.net/it_windows_7_ultimate_with_sp1_x86_dvd_u_677443.iso.torrent]
[mirror.corenoc.de/digitalrivercontent.net/it_windows_7_ultimate_with_sp1_x64_dvd_u_677356.iso.torrent]
[mirror.corenoc.de/digitalrivercontent.net/sk_windows_7_home_premium_with_sp1_x64_dvd_u_676654.iso.torrent]
[mirror.corenoc.de/digitalrivercontent.net/cs_windows_7_home_premium_with_sp1_x64_dvd_u_676522.iso.torrent]
[mirror.corenoc.de/digitalrivercontent.net/cn_windows_7_ultimate_with_sp1_x64_dvd_u_677408.iso.torrent]
[mirror.corenoc.de/digitalrivercontent.net/cs_windows_7_professional_with_sp1_x86_dvd_u_677077.iso.torrent]
[mirror.corenoc.de/digitalrivercontent.net/cs_windows_7_professional_with_sp1_x64_dvd_u_676956.iso.torrent]
[mirror.corenoc.de/digitalrivercontent.net/cs_windows_7_enterprise_with_sp1_x64_dvd_u_677646.iso.torrent]
[mirror.corenoc.de/digitalrivercontent.net/cs_windows_7_enterprise_with_sp1_x86_dvd_u_677695.iso.torrent]
[mirror.corenoc.de/digitalrivercontent.net/ru_windows_7_starter_with_sp1_x86_dvd_624076.iso.torrent]
[mirror.corenoc.de/digitalrivercontent.net/ru_windows_7_home_basic_with_sp1_x86_dvd_620780.iso.torrent]
[mirror.corenoc.de/digitalrivercontent.net/ru_windows_7_home_basic_with_sp1_x86_dvd_u_676482.iso.torrent]
[mirror.corenoc.de/digitalrivercontent.net/ru_windows_7_home_premium_with_sp1_x64_dvd_u_676728.iso.torrent]
[mirror.corenoc.de/digitalrivercontent.net/ru_windows_7_home_premium_with_sp1_x86_dvd_u_676719.iso.torrent]
[mirror.corenoc.de/digitalrivercontent.net/ru_windows_7_professional_with_sp1_x64_dvd_u_677024.iso.torrent]
[mirror.corenoc.de/digitalrivercontent.net/ru_windows_7_professional_with_sp1_x86_dvd_u_677084.iso.torrent]
[mirror.corenoc.de/digitalrivercontent.net/ru_windows_7_enterprise_with_sp1_x86_dvd_620274.iso.torrent]
[mirror.corenoc.de/digitalrivercontent.net/ru_windows_7_enterprise_with_sp1_x64_dvd_620287.iso.torrent]
[mirror.corenoc.de/digitalrivercontent.net/ru_windows_7_enterprise_with_sp1_x64_dvd_u_677671.iso.torrent]
[mirror.corenoc.de/digitalrivercontent.net/ru_windows_7_enterprise_with_sp1_x86_dvd_u_677692.iso.torrent]
[mirror.corenoc.de/digitalrivercontent.net/index.html]
[s3.amazonaws.com/cc.silktide.com/cookieconsent.latest.min.js]
[mirror.corenoc.de/digitalrivercontent.net/ru_windows_7_ultimate_with_sp1_x64_dvd_u_677391.iso.torrent]
[mirror.corenoc.de/digitalrivercontent.net/ru_windows_7_ultimate_with_sp1_x86_dvd_u_677463.iso.torrent]
[mirror.corenoc.de/digitalrivercontent.net/uk_windows_7_ultimate_with_sp1_x64_dvd_u_677406.iso.torrent]
